WARNING: A terminally deprecated method in sun.misc.Unsafe has been called
WARNING: sun.misc.Unsafe::staticFieldBase has been called by com.google.inject.internal.aop.HiddenClassDefiner (file:/Users/mb/.sdkman/candidates/maven/current/lib/guice-5.1.0-classes.jar)
WARNING: Please consider reporting this to the maintainers of class com.google.inject.internal.aop.HiddenClassDefiner
WARNING: sun.misc.Unsafe::staticFieldBase will be removed in a future release
[INFO] Scanning for projects...
[INFO] 
[INFO] ----------------< org.openpickles:policy-engine-client >----------------
[INFO] Building policy-engine-client 0.0.1-SNAPSHOT
[INFO]   from pom.xml
[INFO] --------------------------------[ jar ]---------------------------------
[INFO] 
[INFO] --- clean:3.2.0:clean (default-clean) @ policy-engine-client ---
[INFO] Deleting /Users/mb/workspace/policy-engine/policy-engine-client/target
[INFO] 
[INFO] --- resources:3.3.1:resources (default-resources) @ policy-engine-client ---
[WARNING] Using platform encoding (UTF-8 actually) to copy filtered resources, i.e. build is platform dependent!
[INFO] skip non existing resourceDirectory /Users/mb/workspace/policy-engine/policy-engine-client/src/main/resources
[INFO] 
[INFO] --- compiler:3.13.0:compile (default-compile) @ policy-engine-client ---
[INFO] Recompiling the module because of changed source code.
[WARNING] File encoding has not been set, using platform encoding UTF-8, i.e. build is platform dependent!
[INFO] Compiling 16 source files with javac [debug target 21] to target/classes
[WARNING] location of system modules is not set in conjunction with -source 21
  not setting the location of system modules may lead to class files that cannot run on JDK 21
    --release 21 is recommended instead of -source 21 -target 21 because it sets the location of system modules automatically
[INFO] /Users/mb/workspace/policy-engine/policy-engine-client/src/main/java/org/openpickles/policy/engine/client/transport/WebSocketTransport.java: /Users/mb/workspace/policy-engine/policy-engine-client/src/main/java/org/openpickles/policy/engine/client/transport/WebSocketTransport.java uses or overrides a deprecated API.
[INFO] /Users/mb/workspace/policy-engine/policy-engine-client/src/main/java/org/openpickles/policy/engine/client/transport/WebSocketTransport.java: Recompile with -Xlint:deprecation for details.
[INFO] 
[INFO] --- resources:3.3.1:testResources (default-testResources) @ policy-engine-client ---
[WARNING] Using platform encoding (UTF-8 actually) to copy filtered resources, i.e. build is platform dependent!
[INFO] skip non existing resourceDirectory /Users/mb/workspace/policy-engine/policy-engine-client/src/test/resources
[INFO] 
[INFO] --- compiler:3.13.0:testCompile (default-testCompile) @ policy-engine-client ---
[INFO] Recompiling the module because of changed dependency.
[WARNING] File encoding has not been set, using platform encoding UTF-8, i.e. build is platform dependent!
[INFO] Compiling 1 source file with javac [debug target 21] to target/test-classes
[WARNING] location of system modules is not set in conjunction with -source 21
  not setting the location of system modules may lead to class files that cannot run on JDK 21
    --release 21 is recommended instead of -source 21 -target 21 because it sets the location of system modules automatically
[INFO] 
[INFO] --- surefire:3.2.5:test (default-test) @ policy-engine-client ---
[INFO] Using auto detected provider org.apache.maven.surefire.junitplatform.JUnitPlatformProvider
[INFO] 
[INFO] -------------------------------------------------------
[INFO]  T E S T S
[INFO] -------------------------------------------------------
[INFO] Running org.openpickles.policy.engine.client.ClientIntegrationTest
[WARNING] Tests run: 1, Failures: 0, Errors: 0, Skipped: 1, Time elapsed: 0.045 s -- in org.openpickles.policy.engine.client.ClientIntegrationTest
[INFO] 
[INFO] Results:
[INFO] 
[WARNING] Tests run: 1, Failures: 0, Errors: 0, Skipped: 1
[INFO] 
[INFO] 
[INFO] --- jar:3.4.1:jar (default-jar) @ policy-engine-client ---
[INFO] Building jar: /Users/mb/workspace/policy-engine/policy-engine-client/target/policy-engine-client-0.0.1-SNAPSHOT.jar
[INFO] 
[INFO] --- install:3.1.2:install (default-install) @ policy-engine-client ---
[INFO] Installing /Users/mb/workspace/policy-engine/policy-engine-client/pom.xml to /Users/mb/.m2/repository/org/openpickles/policy-engine-client/0.0.1-SNAPSHOT/policy-engine-client-0.0.1-SNAPSHOT.pom
[INFO] Installing /Users/mb/workspace/policy-engine/policy-engine-client/target/policy-engine-client-0.0.1-SNAPSHOT.jar to /Users/mb/.m2/repository/org/openpickles/policy-engine-client/0.0.1-SNAPSHOT/policy-engine-client-0.0.1-SNAPSHOT.jar
[INFO] ------------------------------------------------------------------------
[INFO] BUILD SUCCESS
[INFO] ------------------------------------------------------------------------
[INFO] Total time:  2.218 s
[INFO] Finished at: 2026-01-17T17:04:06+05:30
[INFO] ------------------------------------------------------------------------
